Buildfile: D:\Repo\yacy_my\build.xml

init:
     [echo] YaCy Version number: 1.940
     [echo] GIT Release Date: 20260203
     [echo] GIT Release Time: 0102
     [echo] GIT Release Hash: 8167d3185
     [copy] Copying 1 file to D:\Repo\yacy_my\defaults

install-ivy:
     [echo] downloading ivy (if not already there) to D:\Repo\yacy_my/ivy/ivy.jar ...
      [get] Destination already exists (skipping): D:\Repo\yacy_my\ivy\ivy.jar
     [echo] using ivy.jar.file: D:\Repo\yacy_my/ivy/ivy.jar

resolve:
[ivy:retrieve] :: Apache Ivy 2.5.3 - 20241223125031 :: https://ant.apache.org/ivy/ ::
[ivy:retrieve] :: loading settings :: url = jar:file:/D:/Repo/yacy_my/ivy/ivy.jar!/org/apache/ivy/core/settings/ivysettings.xml
[ivy:retrieve] :: resolving dependencies :: net.yacy#search-server;working@r00tbase
[ivy:retrieve] 	confs: [compile]
[ivy:retrieve] 	found commons-fileupload#commons-fileupload;1.6.0 in public
[ivy:retrieve] 	found org.apache.commons#commons-lang3;3.18.0 in public
[ivy:retrieve] 	found com.cybozu.labs#langdetect;1.1-20120112 in public
[ivy:retrieve] 	found com.drewnoakes#metadata-extractor;2.19.0 in public
[ivy:retrieve] 	found com.adobe.xmp#xmpcore;6.1.11 in public
[ivy:retrieve] 	found com.fasterxml.jackson.core#jackson-databind;2.18.2 in public
[ivy:retrieve] 	found com.fasterxml.jackson.core#jackson-annotations;2.18.2 in public
[ivy:retrieve] 	found com.fasterxml.jackson.core#jackson-core;2.18.2 in public
[ivy:retrieve] 	found com.github.ben-manes.caffeine#caffeine;3.1.8 in public
[ivy:retrieve] 	found org.checkerframework#checker-qual;3.37.0 in public
[ivy:retrieve] 	found com.google.errorprone#error_prone_annotations;2.21.1 in public
[ivy:retrieve] 	found com.google.guava#guava;33.4.8-jre in public
[ivy:retrieve] 	found com.google.guava#failureaccess;1.0.2 in public
[ivy:retrieve] 	found com.ibm.icu#icu4j;76.1 in public
[ivy:retrieve] 	found com.github.mwiede#jsch;0.2.21 in public
[ivy:retrieve] 	found com.twelvemonkeys.imageio#imageio-core;3.12.0 in public
[ivy:retrieve] 	found com.twelvemonkeys.common#common-lang;3.12.0 in public
[ivy:retrieve] 	found com.twelvemonkeys.common#common-io;3.12.0 in public
[ivy:retrieve] 	found com.twelvemonkeys.common#common-image;3.12.0 in public
[ivy:retrieve] 	found com.twelvemonkeys.imageio#imageio-bmp;3.12.0 in public
[ivy:retrieve] 	found com.twelvemonkeys.imageio#imageio-tiff;3.12.0 in public
[ivy:retrieve] 	found com.twelvemonkeys.imageio#imageio-metadata;3.12.0 in public
[ivy:retrieve] 	found commons-codec#commons-codec;1.17.1 in public
[ivy:retrieve] 	found commons-io#commons-io;2.19.0 in public
[ivy:retrieve] 	found commons-logging#commons-logging;1.3.3 in public
[ivy:retrieve] 	found io.dropwizard.metrics#metrics-core;4.1.5 in public
[ivy:retrieve] 	found org.slf4j#slf4j-api;1.7.30 in public
[ivy:retrieve] 	found io.dropwizard.metrics#metrics-jmx;4.1.5 in public
[ivy:retrieve] 	found io.opentracing#opentracing-noop;0.33.0 in public
[ivy:retrieve] 	found io.opentracing#opentracing-api;0.33.0 in public
[ivy:retrieve] 	found io.opentracing#opentracing-util;0.33.0 in public
[ivy:retrieve] 	found javax.servlet#javax.servlet-api;4.0.1 in public
[ivy:retrieve] 	found javainetlocator#inetaddresslocator;2.18 in public
[ivy:retrieve] 	found jcifs#jcifs;1.3.17 in public
[ivy:retrieve] 	found net.arnx#jsonic;1.3.10 in public
[ivy:retrieve] 	found net.jthink#jaudiotagger;2.2.5 in public
[ivy:retrieve] 	found net.sourceforge.jchardet#jchardet;1.0 in public
[ivy:retrieve] 	found org.apache.commons#commons-collections4;4.4 in public
[ivy:retrieve] 	found org.apache.commons#commons-compress;1.27.1 in public
[ivy:retrieve] 	found org.apache.calcite.avatica#avatica-core;1.13.0 in public
[ivy:retrieve] 	found org.apache.calcite#calcite-core;1.18.0 in public
[ivy:retrieve] 	found org.apache.calcite#calcite-linq4j;1.18.0 in public
[ivy:retrieve] 	found org.apache.commons#commons-math3;3.6.1 in public
[ivy:retrieve] 	found org.apache.httpcomponents#httpclient;4.5.14 in public
[ivy:retrieve] 	found org.apache.httpcomponents#httpcore;4.4.16 in public
[ivy:retrieve] 	found org.apache.httpcomponents#httpmime;4.5.14 in public
[ivy:retrieve] 	found org.apache.james#apache-mime4j;0.6 in public
[ivy:retrieve] 	found org.apache.lucene#lucene-analysis-common;9.0.0 in public
[ivy:retrieve] 	found org.apache.lucene#lucene-core;9.0.0 in public
[ivy:retrieve] 	found org.apache.lucene#lucene-backward-codecs;9.0.0 in public
[ivy:retrieve] 	found org.apache.lucene#lucene-classification;9.0.0 in public
[ivy:retrieve] 	found org.apache.lucene#lucene-queries;9.0.0 in public
[ivy:retrieve] 	found org.apache.lucene#lucene-grouping;9.0.0 in public
[ivy:retrieve] 	found org.apache.lucene#lucene-codecs;9.0.0 in public
[ivy:retrieve] 	found org.apache.lucene#lucene-highlighter;9.0.0 in public
[ivy:retrieve] 	found org.apache.lucene#lucene-memory;9.0.0 in public
[ivy:retrieve] 	found org.apache.lucene#lucene-join;9.0.0 in public
[ivy:retrieve] 	found org.apache.lucene#lucene-misc;9.0.0 in public
[ivy:retrieve] 	found org.apache.lucene#lucene-queryparser;9.0.0 in public
[ivy:retrieve] 	found org.apache.lucene#lucene-spatial-extras;9.0.0 in public
[ivy:retrieve] 	found org.apache.lucene#lucene-suggest;9.0.0 in public
[ivy:retrieve] 	found org.apache.pdfbox#pdfbox;3.0.3 in public
[ivy:retrieve] 	found org.apache.pdfbox#pdfbox-io;3.0.3 in public
[ivy:retrieve] 	found org.apache.pdfbox#fontbox;3.0.3 in public
[ivy:retrieve] 	found org.apache.poi#poi;5.3.0 in public
[ivy:retrieve] 	found com.zaxxer#SparseBitSet;1.3 in public
[ivy:retrieve] 	found org.apache.logging.log4j#log4j-api;2.23.1 in public
[ivy:retrieve] 	found org.apache.poi#poi-scratchpad;5.3.0 in public
[ivy:retrieve] 	found org.apache.solr#solr-core;9.0.0 in public
[ivy:retrieve] 	found org.apache.solr#solr-scripting;9.0.0 in public
[ivy:retrieve] 	found org.apache.solr#solr-solrj;9.0.0 in public
[ivy:retrieve] 	found org.apache.zookeeper#zookeeper;3.7.0 in public
[ivy:retrieve] 	found org.bitlet#weupnp;0.1.4 in public
[ivy:retrieve] 	found org.bouncycastle#bcmail-jdk18on;1.81 in public
[ivy:retrieve] 	found org.bouncycastle#bcpkix-jdk18on;1.81 in public
[ivy:retrieve] 	[1.81] org.bouncycastle#bcpkix-jdk18on;[1.81,1.82)
[ivy:retrieve] 	found org.bouncycastle#bcutil-jdk18on;1.81 in public
[ivy:retrieve] 	[1.81] org.bouncycastle#bcutil-jdk18on;[1.81,1.82)
[ivy:retrieve] 	found org.bouncycastle#bcprov-jdk18on;1.81 in public
[ivy:retrieve] 	[1.81] org.bouncycastle#bcprov-jdk18on;[1.81,1.82)
[ivy:retrieve] 	found com.fasterxml.woodstox#woodstox-core;6.2.8 in public
[ivy:retrieve] 	found org.codehaus.woodstox#stax2-api;4.2.1 in public
[ivy:retrieve] 	found org.eclipse.jetty#jetty-client;9.4.57.v20241219 in public
[ivy:retrieve] 	found org.eclipse.jetty#jetty-http;9.4.57.v20241219 in public
[ivy:retrieve] 	found org.eclipse.jetty#jetty-util;9.4.57.v20241219 in public
[ivy:retrieve] 	found org.eclipse.jetty#jetty-io;9.4.57.v20241219 in public
[ivy:retrieve] 	found org.eclipse.jetty#jetty-deploy;9.4.57.v20241219 in public
[ivy:retrieve] 	found org.eclipse.jetty#jetty-jmx;9.4.57.v20241219 in public
[ivy:retrieve] 	found org.eclipse.jetty#jetty-proxy;9.4.57.v20241219 in public
[ivy:retrieve] 	found org.eclipse.jetty#jetty-security;9.4.57.v20241219 in public
[ivy:retrieve] 	found org.eclipse.jetty#jetty-server;9.4.57.v20241219 in public
[ivy:retrieve] 	found org.eclipse.jetty#jetty-servlets;9.4.57.v20241219 in public
[ivy:retrieve] 	found org.eclipse.jetty#jetty-continuation;9.4.57.v20241219 in public
[ivy:retrieve] 	found org.eclipse.jetty#jetty-servlet;9.4.57.v20241219 in public
[ivy:retrieve] 	found org.eclipse.jetty#jetty-webapp;9.4.57.v20241219 in public
[ivy:retrieve] 	found org.eclipse.jetty#jetty-xml;9.4.57.v20241219 in public
[ivy:retrieve] 	found org.eclipse.jetty.http2#http2-client;9.4.57.v20241219 in public
[ivy:retrieve] 	found org.eclipse.jetty.http2#http2-common;9.4.57.v20241219 in public
[ivy:retrieve] 	found org.eclipse.jetty.http2#http2-http-client-transport;9.4.57.v20241219 in public
[ivy:retrieve] 	found org.jsoup#jsoup;1.15.3 in public
[ivy:retrieve] 	found org.jwat#jwat-warc;1.1.3 in public
[ivy:retrieve] 	found org.jwat#jwat-common;1.1.3 in public
[ivy:retrieve] 	found org.jwat#jwat-archive-common;1.1.3 in public
[ivy:retrieve] 	found org.jwat#jwat-gzip;1.1.3 in public
[ivy:retrieve] 	found org.locationtech.spatial4j#spatial4j;0.8 in public
[ivy:retrieve] 	found org.rrd4j#rrd4j;3.2 in public
[ivy:retrieve] 	found org.slf4j#jcl-over-slf4j;1.7.36 in public
[ivy:retrieve] 	found org.slf4j#slf4j-api;1.7.36 in public
[ivy:retrieve] 	found org.slf4j#log4j-over-slf4j;1.7.36 in public
[ivy:retrieve] 	found org.slf4j#slf4j-jdk14;1.7.36 in public
[ivy:retrieve] 	found org.tukaani#xz;1.8 in public
[ivy:retrieve] 	found oro#oro;2.0.8 in public
[ivy:retrieve] 	found com.github.luben#zstd-jni;1.5.5-6 in public
[ivy:retrieve] 	found ai.djl#api;0.27.0 in public
[ivy:retrieve] 	found com.google.code.gson#gson;2.10.1 in public
[ivy:retrieve] 	found net.java.dev.jna#jna;5.14.0 in public
[ivy:retrieve] :: resolution report :: resolve 878ms :: artifacts dl 691ms
[ivy:retrieve] 	:: evicted modules:
[ivy:retrieve] 	org.slf4j#slf4j-api;1.7.30 by [org.slf4j#slf4j-api;1.7.36] in [compile]
[ivy:retrieve] 	commons-io#commons-io;2.16.1 by [commons-io#commons-io;2.19.0] in [compile]
[ivy:retrieve] 	org.apache.commons#commons-lang3;3.16.0 by [org.apache.commons#commons-lang3;3.18.0] in [compile]
[ivy:retrieve] 	commons-logging#commons-logging;1.2 by [commons-logging#commons-logging;1.3.3] in [compile]
[ivy:retrieve] 	commons-codec#commons-codec;1.11 by [commons-codec#commons-codec;1.17.1] in [compile]
[ivy:retrieve] 	commons-logging#commons-logging;1.1.1 by [commons-logging#commons-logging;1.3.3] in [compile]
[ivy:retrieve] 	commons-codec#commons-codec;1.17.0 by [commons-codec#commons-codec;1.17.1] in [compile]
[ivy:retrieve] 	javax.servlet#javax.servlet-api;3.1.0 by [javax.servlet#javax.servlet-api;4.0.1] in [compile]
[ivy:retrieve] 	org.apache.commons#commons-compress;1.26.1 by [org.apache.commons#commons-compress;1.27.1] in [compile]
	---------------------------------------------------------------------
	|                  |            modules            ||   artifacts   |
	|       conf       | number| search|dwnlded|evicted|| number|dwnlded|
	---------------------------------------------------------------------
	|      compile     |  121  |   0   |   0   |   9   ||  112  |   0   |
	---------------------------------------------------------------------
[ivy:retrieve] :: retrieving :: net.yacy#search-server
[ivy:retrieve] 	confs: [compile]
[ivy:retrieve] 	0 artifacts copied, 112 already retrieved (0kB/24ms)
[ivy:retrieve] :: resolving dependencies :: net.yacy#search-server;working@r00tbase
[ivy:retrieve] 	confs: [test]
[ivy:retrieve] 	found junit#junit;4.13.2 in public
[ivy:retrieve] 	found org.hamcrest#hamcrest-core;1.3 in public
[ivy:retrieve] :: resolution report :: resolve 16ms :: artifacts dl 14ms
	---------------------------------------------------------------------
	|                  |            modules            ||   artifacts   |
	|       conf       | number| search|dwnlded|evicted|| number|dwnlded|
	---------------------------------------------------------------------
	|       test       |   2   |   0   |   0   |   0   ||   2   |   0   |
	---------------------------------------------------------------------
[ivy:retrieve] :: retrieving :: net.yacy#search-server
[ivy:retrieve] 	confs: [test]
[ivy:retrieve] 	0 artifacts copied, 2 already retrieved (0kB/9ms)

compile-core:
     [echo] project.class.path: D:\Repo\yacy_my\build\classes\java\main;D:\Repo\yacy_my\lib\J7Zip-modified-1.0.2.jar;D:\Repo\yacy_my\lib\org.restlet.jar;D:\Repo\yacy_my\lib\jsch-0.2.21.jar;D:\Repo\yacy_my\lib\bcutil-jdk18on-1.81.jar;D:\Repo\yacy_my\lib\jcifs-1.3.17.jar;D:\Repo\yacy_my\lib\lucene-backward-codecs-9.0.0.jar;D:\Repo\yacy_my\lib\spatial4j-0.8.jar;D:\Repo\yacy_my\lib\bcprov-jdk18on-1.81.jar;D:\Repo\yacy_my\lib\imageio-core-3.12.0.jar;D:\Repo\yacy_my\lib\guava-33.4.8-jre.jar;D:\Repo\yacy_my\lib\error_prone_annotations-2.21.1.jar;D:\Repo\yacy_my\lib\jchardet-1.0.jar;D:\Repo\yacy_my\lib\jetty-io-9.4.57.v20241219.jar;D:\Repo\yacy_my\lib\jetty-webapp-9.4.57.v20241219.jar;D:\Repo\yacy_my\lib\xz-1.8.jar;D:\Repo\yacy_my\lib\commons-collections4-4.4.jar;D:\Repo\yacy_my\lib\lucene-misc-9.0.0.jar;D:\Repo\yacy_my\lib\common-io-3.12.0.jar;D:\Repo\yacy_my\lib\commons-io-2.19.0.jar;D:\Repo\yacy_my\lib\commons-compress-1.27.1.jar;D:\Repo\yacy_my\lib\jetty-jmx-9.4.57.v20241219.jar;D:\Repo\yacy_my\lib\lucene-core-9.0.0.jar;D:\Repo\yacy_my\lib\metrics-core-4.1.5.jar;D:\Repo\yacy_my\lib\checker-qual-3.37.0.jar;D:\Repo\yacy_my\lib\log4j-over-slf4j-1.7.36.jar;D:\Repo\yacy_my\lib\icu4j-76.1.jar;D:\Repo\yacy_my\lib\httpclient-4.5.14.jar;D:\Repo\yacy_my\lib\metadata-extractor-2.19.0.jar;D:\Repo\yacy_my\lib\failureaccess-1.0.2.jar;D:\Repo\yacy_my\lib\jetty-util-9.4.57.v20241219.jar;D:\Repo\yacy_my\lib\fontbox-3.0.3.jar;D:\Repo\yacy_my\lib\solr-core-9.0.0.jar;D:\Repo\yacy_my\lib\slf4j-api-1.7.36.jar;D:\Repo\yacy_my\lib\common-image-3.12.0.jar;D:\Repo\yacy_my\lib\lucene-join-9.0.0.jar;D:\Repo\yacy_my\lib\lucene-queryparser-9.0.0.jar;D:\Repo\yacy_my\lib\jetty-security-9.4.57.v20241219.jar;D:\Repo\yacy_my\lib\jetty-http-9.4.57.v20241219.jar;D:\Repo\yacy_my\lib\metrics-jmx-4.1.5.jar;D:\Repo\yacy_my\lib\commons-lang3-3.18.0.jar;D:\Repo\yacy_my\lib\imageio-tiff-3.12.0.jar;D:\Repo\yacy_my\lib\jetty-server-9.4.57.v20241219.jar;D:\Repo\yacy_my\lib\apache-mime4j-0.6.jar;D:\Repo\yacy_my\lib\jackson-core-2.18.2.jar;D:\Repo\yacy_my\lib\jna-5.14.0.jar;D:\Repo\yacy_my\lib\weupnp-0.1.4.jar;D:\Repo\yacy_my\lib\solr-scripting-9.0.0.jar;D:\Repo\yacy_my\lib\jcl-over-slf4j-1.7.36.jar;D:\Repo\yacy_my\lib\poi-5.3.0.jar;D:\Repo\yacy_my\lib\jackson-annotations-2.18.2.jar;D:\Repo\yacy_my\lib\gson-2.10.1.jar;D:\Repo\yacy_my\lib\lucene-memory-9.0.0.jar;D:\Repo\yacy_my\lib\lucene-analysis-common-9.0.0.jar;D:\Repo\yacy_my\lib\langdetect-1.1-20120112.jar;D:\Repo\yacy_my\lib\jetty-deploy-9.4.57.v20241219.jar;D:\Repo\yacy_my\lib\bcpkix-jdk18on-1.81.jar;D:\Repo\yacy_my\lib\lucene-highlighter-9.0.0.jar;D:\Repo\yacy_my\lib\jetty-servlets-9.4.57.v20241219.jar;D:\Repo\yacy_my\lib\SparseBitSet-1.3.jar;D:\Repo\yacy_my\lib\stax2-api-4.2.1.jar;D:\Repo\yacy_my\lib\httpcore-4.4.16.jar;D:\Repo\yacy_my\lib\lucene-grouping-9.0.0.jar;D:\Repo\yacy_my\lib\lucene-classification-9.0.0.jar;D:\Repo\yacy_my\lib\javax.servlet-api-4.0.1.jar;D:\Repo\yacy_my\lib\jetty-xml-9.4.57.v20241219.jar;D:\Repo\yacy_my\lib\jsoup-1.15.3.jar;D:\Repo\yacy_my\lib\pdfbox-io-3.0.3.jar;D:\Repo\yacy_my\lib\opentracing-api-0.33.0.jar;D:\Repo\yacy_my\lib\lucene-spatial-extras-9.0.0.jar;D:\Repo\yacy_my\lib\jwat-warc-1.1.3.jar;D:\Repo\yacy_my\lib\commons-logging-1.3.3.jar;D:\Repo\yacy_my\lib\api-0.27.0.jar;D:\Repo\yacy_my\lib\jwat-common-1.1.3.jar;D:\Repo\yacy_my\lib\poi-scratchpad-5.3.0.jar;D:\Repo\yacy_my\lib\log4j-api-2.23.1.jar;D:\Repo\yacy_my\lib\zookeeper-3.7.0.jar;D:\Repo\yacy_my\lib\woodstox-core-6.2.8.jar;D:\Repo\yacy_my\lib\jetty-client-9.4.57.v20241219.jar;D:\Repo\yacy_my\lib\jwat-gzip-1.1.3.jar;D:\Repo\yacy_my\lib\jwat-archive-common-1.1.3.jar;D:\Repo\yacy_my\lib\commons-fileupload-1.6.0.jar;D:\Repo\yacy_my\lib\lucene-suggest-9.0.0.jar;D:\Repo\yacy_my\lib\oro-2.0.8.jar;D:\Repo\yacy_my\lib\solr-solrj-9.0.0.jar;D:\Repo\yacy_my\lib\jackson-databind-2.18.2.jar;D:\Repo\yacy_my\lib\rrd4j-3.2.jar;D:\Repo\yacy_my\lib\jsonic-1.3.10.jar;D:\Repo\yacy_my\lib\lucene-queries-9.0.0.jar;D:\Repo\yacy_my\lib\opentracing-noop-0.33.0.jar;D:\Repo\yacy_my\lib\bcmail-jdk18on-1.81.jar;D:\Repo\yacy_my\lib\zstd-jni-1.5.5-6.jar;D:\Repo\yacy_my\lib\http2-client-9.4.57.v20241219.jar;D:\Repo\yacy_my\lib\calcite-linq4j-1.18.0.jar;D:\Repo\yacy_my\lib\pdfbox-3.0.3.jar;D:\Repo\yacy_my\lib\commons-codec-1.17.1.jar;D:\Repo\yacy_my\lib\slf4j-jdk14-1.7.36.jar;D:\Repo\yacy_my\lib\http2-common-9.4.57.v20241219.jar;D:\Repo\yacy_my\lib\xmpcore-6.1.11.jar;D:\Repo\yacy_my\lib\httpmime-4.5.14.jar;D:\Repo\yacy_my\lib\jetty-servlet-9.4.57.v20241219.jar;D:\Repo\yacy_my\lib\inetaddresslocator-2.18.jar;D:\Repo\yacy_my\lib\jetty-continuation-9.4.57.v20241219.jar;D:\Repo\yacy_my\lib\avatica-core-1.13.0.jar;D:\Repo\yacy_my\lib\opentracing-util-0.33.0.jar;D:\Repo\yacy_my\lib\jetty-proxy-9.4.57.v20241219.jar;D:\Repo\yacy_my\lib\caffeine-3.1.8.jar;D:\Repo\yacy_my\lib\jaudiotagger-2.2.5.jar;D:\Repo\yacy_my\lib\common-lang-3.12.0.jar;D:\Repo\yacy_my\lib\imageio-metadata-3.12.0.jar;D:\Repo\yacy_my\lib\imageio-bmp-3.12.0.jar;D:\Repo\yacy_my\lib\http2-http-client-transport-9.4.57.v20241219.jar;D:\Repo\yacy_my\lib\calcite-core-1.18.0.jar;D:\Repo\yacy_my\lib\lucene-codecs-9.0.0.jar;D:\Repo\yacy_my\lib\commons-math3-3.6.1.jar

compile:

all:

BUILD SUCCESSFUL
Total time: 2 seconds
